************************* STARTING *************************

shared: &j:addrof.c:4
&j:addrof.c:4 is protected by:
  concrete l:addrof.c:18
  l:addrof.c:5
*************************** DONE ***************************
