************************* STARTING *************************

shared: alloc.data:ds4.c:30
alloc.data:ds4.c:30 is protected by:
  concrete global_lock:ds4.c:34
  global_lock:ds4.c:11
*************************** DONE ***************************
