************************* STARTING *************************

shared: alloc:malloc2.c:16
        alloc:malloc2.c:17

Warning: Possible data race: alloc:malloc2.c:16 is not protected!
 references:
  dereference of *b:malloc2.c:8 at malloc2.c:9
    alloc:malloc2.c:16 => tmp::-1
                       => i:malloc2.c:16
                       => *a:malloc2.c:17
                       => *cast:malloc2.c:8 at dostuff malloc2.c:19
                       => *b:malloc2.c:8
  locks acquired:
    <empty>
  in: main at malloc2.c:15 

  dereference of *a:malloc2.c:13 at malloc2.c:13
    alloc:malloc2.c:16 => tmp::-1
                       => i:malloc2.c:16
                       => *a:malloc2.c:17
                       => *id.a:malloc2.c:20
                       => *a:malloc2.c:13 at id malloc2.c:20
  locks acquired:
    <empty>
  in: main at malloc2.c:15  -> malloc2.c:20



Warning: Possible data race: alloc:malloc2.c:17 is not protected!
 references:
  dereference of b:malloc2.c:8 at malloc2.c:9
    alloc:malloc2.c:17 => tmp___0::-1
                       => a:malloc2.c:17
                       => cast:malloc2.c:8 at dostuff malloc2.c:19
                       => b:malloc2.c:8
  locks acquired:
    <empty>
  in: main at malloc2.c:15 

  dereference of b:malloc2.c:8 at malloc2.c:10
    alloc:malloc2.c:17 => tmp___0::-1
                       => a:malloc2.c:17
                       => cast:malloc2.c:8 at dostuff malloc2.c:19
                       => b:malloc2.c:8
  locks acquired:
    <empty>
  in: main at malloc2.c:15 

  dereference of a:malloc2.c:13 at malloc2.c:13
    alloc:malloc2.c:17 => tmp___0::-1
                       => a:malloc2.c:17
                       => id.a:malloc2.c:20
                       => a:malloc2.c:13 at id malloc2.c:20
  locks acquired:
    <empty>
  in: main at malloc2.c:15  -> malloc2.c:20


*************************** DONE ***************************
