************************* STARTING *************************

shared: &j:uniq3.c:5

Warning: Possible data race: &j:uniq3.c:5 is not protected!
 references:
  dereference of &j:uniq3.c:5 at uniq3.c:15
    &j:uniq3.c:5
  locks acquired:
    <empty>
  in: main at uniq3.c:23 

  dereference of &j:uniq3.c:5 at uniq3.c:17
    &j:uniq3.c:5
  locks acquired:
    concrete l:uniq3.c:25
    l:uniq3.c:6
  in: main at uniq3.c:23 


*************************** DONE ***************************
