************************* STARTING *************************


uniq4.c:17: Warning: assigning number to pointer
shared: &j:uniq4.c:5

Warning: Possible data race: &j:uniq4.c:5 is not protected!
 references:
  dereference of &j:uniq4.c:5 at uniq4.c:15
    &j:uniq4.c:5
  locks acquired:
    <empty>
  in: main at uniq4.c:22 

  dereference of &j:uniq4.c:5 at uniq4.c:17
    &j:uniq4.c:5
  locks acquired:
    concrete l:uniq4.c:24
    l:uniq4.c:6
  in: main at uniq4.c:22 


*************************** DONE ***************************
